[vbucksgenerator.lol/index.html]
[backblue.gif]
[fade.gif]
[index.html]
[vbucksgenerator.lol/css/style.css]
[vbucksgenerator.lol/css/bootstrap.css]
[vbucksgenerator.lol/css/bootstrap-switch.css]
[vbucksgenerator.lol/css/chat.css]
[vbucksgenerator.lol/css/fontawesome-all.min.css]
[vbucksgenerator.lol/favicon.ico]
[vbucksgenerator.lol/img/logo.png]
[vbucksgenerator.lol/img/avatar.html]
[vbucksgenerator.lol/img/flags/us.png]
[vbucksgenerator.lol/img/bp.png]
[vbucksgenerator.lol/img/flags/fr.png]
[vbucksgenerator.lol/img/flags/rs.png]
[vbucksgenerator.lol/click.mp3]
[ajax.googleapis.com/ajax/libs/jquery/1.12.2/jquery.min.js]
[vbucksgenerator.lol/js/bootstrap.min.js]
[vbucksgenerator.lol/js/bootstrap-switch.min.js]
[vbucksgenerator.lol/js/functions.app.js]
[vbucksgenerator.lol/js/main.js]
[vbucksgenerator.lol/index.html]
[vbucksgenerator.lol/js/chat.js]
[vbucksgenerator.lol/img/bg.jpg]
[vbucksgenerator.lol/img/bg22.png]
[vbucksgenerator.lol/img/bg11.png]
[vbucksgenerator.lol/img/tabs-bg.png]
[vbucksgenerator.lol/img/tabs-hover.png]
[vbucksgenerator.lol/img/bg_hover.png]
[vbucksgenerator.lol/css/style.css]
[vbucksgenerator.lol/fonts/glyphicons-halflings-regular.eot]
[vbucksgenerator.lol/fonts/glyphicons-halflings-regulard41d.eot]
[vbucksgenerator.lol/fonts/glyphicons-halflings-regular.html]
[vbucksgenerator.lol/fonts/glyphicons-halflings-regular.woff]
[vbucksgenerator.lol/css/bootstrap.css]
[vbucksgenerator.lol/css/bootstrap-switch.css]
[vbucksgenerator.lol/css/chat.css]
[vbucksgenerator.lol/fonts/glyphicons-halflings-regular.svg]
[vbucksgenerator.lol/fonts/glyphicons-halflings-regular.ttf]
[vbucksgenerator.lol/webfonts/fa-brands-400d41d.eot]
[vbucksgenerator.lol/webfonts/fa-brands-400.woff]
[vbucksgenerator.lol/webfonts/fa-brands-400.eot]
[vbucksgenerator.lol/webfonts/fa-brands-400.html]
[vbucksgenerator.lol/webfonts/fa-brands-400.ttf]
[vbucksgenerator.lol/webfonts/fa-regular-400.eot]
[vbucksgenerator.lol/webfonts/fa-regular-400d41d.eot]
[vbucksgenerator.lol/webfonts/fa-brands-400.svg]
[vbucksgenerator.lol/webfonts/fa-regular-400.html]
[vbucksgenerator.lol/webfonts/fa-regular-400.woff]
[vbucksgenerator.lol/webfonts/fa-regular-400.ttf]
[vbucksgenerator.lol/webfonts/fa-regular-400.svg]
[vbucksgenerator.lol/webfonts/fa-solid-900.eot]
[vbucksgenerator.lol/webfonts/fa-solid-900d41d.eot]
[vbucksgenerator.lol/webfonts/fa-solid-900.woff]
[vbucksgenerator.lol/webfonts/fa-solid-900.ttf]
[vbucksgenerator.lol/css/fontawesome-all.min.css]
[vbucksgenerator.lol/img/avatar.html]
[vbucksgenerator.lol/fonts/glyphicons-halflings-regular.html]
[vbucksgenerator.lol/fonts/glyphicons-halflings-regular.svg]
[vbucksgenerator.lol/webfonts/fa-brands-400.html]
[vbucksgenerator.lol/webfonts/fa-solid-900.html]
[vbucksgenerator.lol/webfonts/fa-brands-400.svg]
[vbucksgenerator.lol/webfonts/fa-regular-400.html]
[vbucksgenerator.lol/webfonts/fa-regular-400.svg]
[vbucksgenerator.lol/webfonts/fa-solid-900.html]
[vbucksgenerator.lol/webfonts/fa-solid-900.svg]
[vbucksgenerator.lol/webfonts/fa-solid-900.svg]
